// Jest Snapshot v1, https://goo.gl/fbAQLP

exports[`NameGenerator yields deterministic results 1`] = `
Array [
  "King Alfonso",
  "Alboin",
  "Jayaviravarman",
  "King Alfonso",
  "Mansa Sakura",
  "Suleiman the Magnificent",
  "Chimalpopoca",
  "Cardinal Jiménez",
  "Guyuk Khan",
  "Manco Cápac",
]
`;
