// Jest Snapshot v1, https://goo.gl/fbAQLP

exports[`Messages renders correctly 1`] = `
<Messages
  i18n={Object {}}
  message="message content"
  t={[Function]}
  tReady={true}
/>
`;
