// Jest Snapshot v1, https://goo.gl/fbAQLP

exports[`gets rendered 1`] = `
<div
  className="pure-u-1-24 turn"
>
  <div
    className="turn-host turn-do-0 turn-global"
  >
    <span
      className=""
    >
      <b />
      PICK
    </span>
  </div>
</div>
`;
